../Drivers/BSP/STM32H5xx_Nucleo/stm32h5xx_nucleo.c:142:9:BSP_GetVersion	4	static
../Drivers/BSP/STM32H5xx_Nucleo/stm32h5xx_nucleo.c:151:16:BSP_GetBoardName	4	static
../Drivers/BSP/STM32H5xx_Nucleo/stm32h5xx_nucleo.c:160:16:BSP_GetBoardID	4	static
../Drivers/BSP/STM32H5xx_Nucleo/stm32h5xx_nucleo.c:175:9:BSP_LED_Init	56	static
../Drivers/BSP/STM32H5xx_Nucleo/stm32h5xx_nucleo.c:229:9:BSP_LED_DeInit	40	static
../Drivers/BSP/STM32H5xx_Nucleo/stm32h5xx_nucleo.c:263:9:BSP_LED_On	24	static
../Drivers/BSP/STM32H5xx_Nucleo/stm32h5xx_nucleo.c:292:9:BSP_LED_Off	24	static
../Drivers/BSP/STM32H5xx_Nucleo/stm32h5xx_nucleo.c:321:9:BSP_LED_Toggle	24	static
../Drivers/BSP/STM32H5xx_Nucleo/stm32h5xx_nucleo.c:350:9:BSP_LED_GetState	24	static
../Drivers/BSP/STM32H5xx_Nucleo/stm32h5xx_nucleo.c:381:9:BSP_PB_Init	40	static
../Drivers/BSP/STM32H5xx_Nucleo/stm32h5xx_nucleo.c:426:9:BSP_PB_DeInit	40	static
../Drivers/BSP/STM32H5xx_Nucleo/stm32h5xx_nucleo.c:444:9:BSP_PB_GetState	16	static
../Drivers/BSP/STM32H5xx_Nucleo/stm32h5xx_nucleo.c:454:6:BSP_PB_IRQHandler	16	static
../Drivers/BSP/STM32H5xx_Nucleo/stm32h5xx_nucleo.c:464:13:BSP_PB_Callback	16	static
../Drivers/BSP/STM32H5xx_Nucleo/stm32h5xx_nucleo.c:697:13:BUTTON_USER_EXTI_Callback	8	static
