../Src/stm32h5xx_hal_msp.c:63:6:HAL_MspInit	8	static
../Src/stm32h5xx_hal_msp.c:88:6:HAL_ADC_MspInit	312	static
../Src/stm32h5xx_hal_msp.c:133:6:HAL_ADC_MspDeInit	16	static
../Src/stm32h5xx_hal_msp.c:161:6:HAL_RNG_MspInit	288	static
../Src/stm32h5xx_hal_msp.c:195:6:HAL_RNG_MspDeInit	16	static
../Src/stm32h5xx_hal_msp.c:217:6:HAL_UART_MspInit	320	static
../Src/stm32h5xx_hal_msp.c:273:6:HAL_UART_MspDeInit	16	static
../Src/stm32h5xx_hal_msp.c:304:6:HAL_PCD_MspInit	288	static
../Src/stm32h5xx_hal_msp.c:340:6:HAL_PCD_MspDeInit	16	static
